// Jest Snapshot v1, https://goo.gl/fbAQLP

exports[`HelloWorld renders 1`] = `
<div>
  <h2
    className="Title"
  >
    Hello, 
    Bob
    !
  </h2>
  <input
    onChange={[Function]}
    value="Bob"
  />
  <StoreRenderer />
</div>
`;
